{
  "user_id": "testID",
  "name": "testName",
  "email": "test@icloud.com"
}
