{
  "transactions_list": [
    {
      "id": 3,
      "transaction_type": "expense",
      "posted_date": "2020-07-15T16:00:00Z",
      "updated_date": "2020-07-15T16:00:00Z",
      "transaction_date": "2020/07/15(水)",
      "shop": null,
      "memo": null,
      "amount": 1300,
      "user_id": "userID1",
      "big_category_name": "食費",
      "medium_category_name": null,
      "custom_category_name": "米"
    },
    {
      "id": 2,
      "transaction_type": "income",
      "posted_date": "2020-07-10T16:00:00Z",
      "updated_date": "2020-07-10T16:00:00Z",
      "transaction_date": "2020/07/10(金)",
      "shop": null,
      "memo": "賞与",
      "amount": 200000,
      "user_id": "userID2",
      "big_category_name": "収入",
      "medium_category_name": "賞与",
      "custom_category_name": null
    },
    {
      "id": 1,
      "transaction_type": "expense",
      "posted_date": "2020-07-01T16:00:00Z",
      "updated_date": "2020-07-01T16:00:00Z",
      "transaction_date": "2020/07/01(水)",
      "shop": "ニトリ",
      "memo": "ベッド購入",
      "amount": 15000,
      "user_id": "userID1",
      "big_category_name": "日用品",
      "medium_category_name": "家具",
      "custom_category_name": null
    }
  ]
}
