{
  "id": 1,
  "user_id": "userID4",
  "group_id": 1,
  "tasks_list": []
}
