{
  "id": 1,
  "posted_date": "2020-12-13T16:00:00Z",
  "updated_date": "2020-12-13T16:00:00Z",
  "expected_purchase_date": "2020/12/15(火)",
  "complete_flag": false,
  "purchase": "鶏肉3kg",
  "shop": "コストコ",
  "amount": 1000,
  "big_category_id": 2,
  "big_category_name": "食費",
  "medium_category_id": 6,
  "medium_category_name": "食料品",
  "custom_category_id": null,
  "custom_category_name": null,
  "regular_shopping_list_id": null,
  "transaction_auto_add": true,
  "related_transaction_data": null
}
