{
  "id": 1,
  "group_id": 2,
  "month": "2020-07-01T00:00:00Z",
  "payer_user_id": "userID2",
  "recipient_user_id": "userID1",
  "payment_amount": 23600,
  "payment_confirmation": true,
  "receipt_confirmation": false
}
