{
  "search_todo_list": [
    {
      "id": 1,
      "posted_date": "2020-09-05T01:29:08Z",
      "updated_date": "2020-09-05T01:29:08Z",
      "implementation_date": "2020/07/05(日)",
      "due_date": "2020/07/05(日)",
      "todo_content": "今月の予算を立てる",
      "complete_flag": true,
      "user_id": "userID1"
    },
    {
      "id": 2,
      "posted_date": "2020-09-05T01:29:08Z",
      "updated_date": "2020-09-05T01:29:08Z",
      "implementation_date": "2020/07/09(木)",
      "due_date": "2020/07/10(金)",
      "todo_content": "コストコ鶏肉セール 5パック購入",
      "complete_flag": true,
      "user_id": "userID2"
    }
  ]
}
