{
  "big_category_name": "食費",
  "medium_category_name": "食料品",
  "custom_category_name": null
}
