{
  "id": 1,
  "base_date": null,
  "cycle_type": null,
  "cycle": null,
  "task_name": "料理",
  "group_id": 1,
  "group_tasks_users_id": null
}
