{
  "id": 1,
  "posted_date": "2020-09-04T17:11:00Z",
  "implementation_date": "2020/07/25(土)",
  "due_date": "2020/07/30(木)",
  "todo_content": "食器用洗剤2つ購入",
  "complete_flag": false
}
