{
  "group_id": 1,
  "user_id": "userID1",
  "user_name": "userName1"
}
