[
  "userID1",
  "userID4",
  "userID5",
  "userID3",
  "userID2"
]
