{
  "group_id": 1,
  "user_id": "userID2",
  "user_name": "userName2"
}
