{
  "category_type": "CustomCategory",
  "id": 1,
  "name": "洗濯機",
  "big_category_id": 3
}
